---
source: kernels/teeny-kernels/tests/test_vector_add.rs
expression: mlir.trim()
---
"module {\n  tt.func private @_RINvCs3aIc8yoxoFV_75vector_add_0eda01331621d4989443be3b7184d6b38d8e8077eb7ec5abd1c35fdba93816e510vector_addNtNtNtNtB2_6triton4llvm6triton10LlvmTritonfKl400_EB2_(%arg0: !tt.ptr<f32> {tt.divisibility = 16 : i32}, %arg1: !tt.ptr<f32> {tt.divisibility = 16 : i32}, %arg2: !tt.ptr<f32> {tt.divisibility = 16 : i32}, %arg3: i32 {tt.divisibility = 16 : i32}) {\n    tt.return\n  }\n  tt.func public @entry_point(%arg0: !tt.ptr<f32> {tt.divisibility = 16 : i32}, %arg1: !tt.ptr<f32> {tt.divisibility = 16 : i32}, %arg2: !tt.ptr<f32> {tt.divisibility = 16 : i32}, %arg3: i32 {tt.divisibility = 16 : i32}) {\n    tt.call @_RINvCs3aIc8yoxoFV_75vector_add_0eda01331621d4989443be3b7184d6b38d8e8077eb7ec5abd1c35fdba93816e510vector_addNtNtNtNtB2_6triton4llvm6triton10LlvmTritonfKl400_EB2_(%arg0, %arg1, %arg2, %arg3) {arg_attrs = [{}, {}, {}, {}], res_attrs = []} : (!tt.ptr<f32>, !tt.ptr<f32>, !tt.ptr<f32>, i32) -> ()\n    tt.return\n  }\n}"
